[125048:12548:0922/120746.893:WARNING:chrome_main_delegate.cc(745)] This is Chrome version 128.0.6613.138 (not a warning)
[125048:121548:0922/120747.374:ERROR:google_update_settings.cc(265)] Failed opening key Software\Chromium to set usagestats; result: 5
[125048:12548:0922/120747.621:WARNING:account_consistency_mode_manager.cc(77)] Desktop Identity Consistency cannot be enabled as no OAuth client ID and client secret have been configured.
[125048:121548:0922/120803.210:WARNING:leveldb_database.cc(141)] Unable to open C:\Users\Damon\OneDrive - ADvTECH Ltd\Documents\GitHub\FPSGame\GADE7222_POE 5.7 5.7 5.7\Saved\webcache_6613\Default\shared_proto_db\metadata: IO error: C:\Users\Damon\OneDrive - ADvTECH Ltd\Documents\GitHub\FPSGame\GADE7222_POE 5.7 5.7 5.7\Saved\webcache_6613\Default\shared_proto_db\metadata/MANIFEST-000001: Unable to create sequential file (ChromeMethodBFE: 7::NewSequentialFile::1)
[125048:121548:0922/120803.216:WARNING:leveldb_database.cc(141)] Unable to open C:\Users\Damon\OneDrive - ADvTECH Ltd\Documents\GitHub\FPSGame\GADE7222_POE 5.7 5.7 5.7\Saved\webcache_6613\Default\shared_proto_db\metadata: IO error: C:\Users\Damon\OneDrive - ADvTECH Ltd\Documents\GitHub\FPSGame\GADE7222_POE 5.7 5.7 5.7\Saved\webcache_6613\Default\shared_proto_db\metadata/MANIFEST-000001: Unable to create sequential file (ChromeMethodBFE: 7::NewSequentialFile::1)
[125048:121548:0922/120803.220:WARNING:leveldb_database.cc(141)] Unable to open C:\Users\Damon\OneDrive - ADvTECH Ltd\Documents\GitHub\FPSGame\GADE7222_POE 5.7 5.7 5.7\Saved\webcache_6613\Default\shared_proto_db\metadata: IO error: C:\Users\Damon\OneDrive - ADvTECH Ltd\Documents\GitHub\FPSGame\GADE7222_POE 5.7 5.7 5.7\Saved\webcache_6613\Default\shared_proto_db\metadata/MANIFEST-000001: Unable to create sequential file (ChromeMethodBFE: 7::NewSequentialFile::1)
[125048:121548:0922/120803.225:WARNING:leveldb_database.cc(141)] Unable to open C:\Users\Damon\OneDrive - ADvTECH Ltd\Documents\GitHub\FPSGame\GADE7222_POE 5.7 5.7 5.7\Saved\webcache_6613\Default\shared_proto_db\metadata: IO error: C:\Users\Damon\OneDrive - ADvTECH Ltd\Documents\GitHub\FPSGame\GADE7222_POE 5.7 5.7 5.7\Saved\webcache_6613\Default\shared_proto_db\metadata/MANIFEST-000001: Unable to create sequential file (ChromeMethodBFE: 7::NewSequentialFile::1)
[125048:104100:0922/120820.867:WARNING:value_store_frontend.cc(47)] Reading ahfgeienlihckogmohjhadlkjgocpleb.alarms from  failed: IO error: .../MANIFEST-000001: Unable to create sequential file (ChromeMethodBFE: 7::NewSequentialFile::1)
[125048:104100:0922/120820.871:WARNING:value_store_frontend.cc(47)] Reading mhjfbmdgcfjbbpaeojofohoefgiehjai.alarms from  failed: IO error: .../MANIFEST-000001: Unable to create sequential file (ChromeMethodBFE: 7::NewSequentialFile::1)
[4164:86944:0922/120821.876:WARNING:frame_impl.cc(430)] virtual CefFrameImpl::SendProcessMessage sent to detached frame 5-8A01A96E405AA5FB91B3D307D442145B will be ignored
[125048:12548:0922/120849.202:WARNING:page_discarding_helper.cc(138)] Discarding multiple pages with target (kb): 0
[125048:12548:0922/120854.198:WARNING:page_discarding_helper.cc(138)] Discarding multiple pages with target (kb): 0
[125048:12548:0922/120859.199:WARNING:page_discarding_helper.cc(138)] Discarding multiple pages with target (kb): 0
[125048:12548:0922/120904.199:WARNING:page_discarding_helper.cc(138)] Discarding multiple pages with target (kb): 0
[125048:12548:0922/121205.936:WARNING:page_discarding_helper.cc(138)] Discarding multiple pages with target (kb): 0
[125048:12548:0922/121231.849:WARNING:page_discarding_helper.cc(138)] Discarding multiple pages with target (kb): 0
[125048:12548:0922/121256.733:WARNING:page_discarding_helper.cc(138)] Discarding multiple pages with target (kb): 0
[125048:12548:0922/121306.753:WARNING:page_discarding_helper.cc(138)] Discarding multiple pages with target (kb): 0
[125048:12548:0922/121311.802:WARNING:page_discarding_helper.cc(138)] Discarding multiple pages with target (kb): 0
[125048:12548:0922/121316.807:WARNING:page_discarding_helper.cc(138)] Discarding multiple pages with target (kb): 0
[125048:12548:0922/121321.815:WARNING:page_discarding_helper.cc(138)] Discarding multiple pages with target (kb): 0
[125048:12548:0922/121326.815:WARNING:page_discarding_helper.cc(138)] Discarding multiple pages with target (kb): 0
[125048:12548:0922/121331.835:WARNING:page_discarding_helper.cc(138)] Discarding multiple pages with target (kb): 0
[125048:12548:0922/121336.884:WARNING:page_discarding_helper.cc(138)] Discarding multiple pages with target (kb): 0
[125048:12548:0922/121341.904:WARNING:page_discarding_helper.cc(138)] Discarding multiple pages with target (kb): 0
[125048:12548:0922/121346.906:WARNING:page_discarding_helper.cc(138)] Discarding multiple pages with target (kb): 0
[125048:12548:0922/121351.906:WARNING:page_discarding_helper.cc(138)] Discarding multiple pages with target (kb): 0
[125048:12548:0922/121356.909:WARNING:page_discarding_helper.cc(138)] Discarding multiple pages with target (kb): 0
[125048:12548:0922/121401.916:WARNING:page_discarding_helper.cc(138)] Discarding multiple pages with target (kb): 0
[125048:12548:0922/121406.920:WARNING:page_discarding_helper.cc(138)] Discarding multiple pages with target (kb): 0
[125048:12548:0922/121446.945:WARNING:page_discarding_helper.cc(138)] Discarding multiple pages with target (kb): 0
[125048:12548:0922/121451.967:WARNING:page_discarding_helper.cc(138)] Discarding multiple pages with target (kb): 0
[125048:12548:0922/121511.979:WARNING:page_discarding_helper.cc(138)] Discarding multiple pages with target (kb): 0
[125048:12548:0922/121516.985:WARNING:page_discarding_helper.cc(138)] Discarding multiple pages with target (kb): 0
[125048:12548:0922/121521.984:WARNING:page_discarding_helper.cc(138)] Discarding multiple pages with target (kb): 0
[125048:12548:0922/121526.985:WARNING:page_discarding_helper.cc(138)] Discarding multiple pages with target (kb): 0
[125048:12548:0922/121531.990:WARNING:page_discarding_helper.cc(138)] Discarding multiple pages with target (kb): 0
[125048:12548:0922/121536.993:WARNING:page_discarding_helper.cc(138)] Discarding multiple pages with target (kb): 0
[125048:12548:0922/121541.996:WARNING:page_discarding_helper.cc(138)] Discarding multiple pages with target (kb): 0
[125048:12548:0922/121547.015:WARNING:page_discarding_helper.cc(138)] Discarding multiple pages with target (kb): 0
[125048:12548:0922/121552.037:WARNING:page_discarding_helper.cc(138)] Discarding multiple pages with target (kb): 0
[125048:12548:0922/121557.067:WARNING:page_discarding_helper.cc(138)] Discarding multiple pages with target (kb): 0
[125048:12548:0922/121602.066:WARNING:page_discarding_helper.cc(138)] Discarding multiple pages with target (kb): 0
[125048:12548:0922/121703.096:WARNING:page_discarding_helper.cc(138)] Discarding multiple pages with target (kb): 0
[125048:12548:0922/121708.089:WARNING:page_discarding_helper.cc(138)] Discarding multiple pages with target (kb): 0
[125048:12548:0922/121713.099:WARNING:page_discarding_helper.cc(138)] Discarding multiple pages with target (kb): 0
[125048:12548:0922/121718.144:WARNING:page_discarding_helper.cc(138)] Discarding multiple pages with target (kb): 0
[125048:12548:0922/121723.182:WARNING:page_discarding_helper.cc(138)] Discarding multiple pages with target (kb): 0
[125048:12548:0922/121728.233:WARNING:page_discarding_helper.cc(138)] Discarding multiple pages with target (kb): 0
[125048:12548:0922/121733.289:WARNING:page_discarding_helper.cc(138)] Discarding multiple pages with target (kb): 0
[125048:12548:0922/121738.311:WARNING:page_discarding_helper.cc(138)] Discarding multiple pages with target (kb): 0
[125048:12548:0922/121743.362:WARNING:page_discarding_helper.cc(138)] Discarding multiple pages with target (kb): 0
[125048:12548:0922/121748.451:WARNING:page_discarding_helper.cc(138)] Discarding multiple pages with target (kb): 0
[125048:12548:0922/121753.467:WARNING:page_discarding_helper.cc(138)] Discarding multiple pages with target (kb): 0
[125048:12548:0922/121758.472:WARNING:page_discarding_helper.cc(138)] Discarding multiple pages with target (kb): 0
[125048:12548:0922/121803.498:WARNING:page_discarding_helper.cc(138)] Discarding multiple pages with target (kb): 0
[125048:12548:0922/121808.536:WARNING:page_discarding_helper.cc(138)] Discarding multiple pages with target (kb): 0
[125048:12548:0922/121813.592:WARNING:page_discarding_helper.cc(138)] Discarding multiple pages with target (kb): 0
[125048:12548:0922/121818.637:WARNING:page_discarding_helper.cc(138)] Discarding multiple pages with target (kb): 0
[125048:12548:0922/121823.647:WARNING:page_discarding_helper.cc(138)] Discarding multiple pages with target (kb): 0
[125048:12548:0922/121828.699:WARNING:page_discarding_helper.cc(138)] Discarding multiple pages with target (kb): 0
[125048:12548:0922/121833.758:WARNING:page_discarding_helper.cc(138)] Discarding multiple pages with target (kb): 0
[125048:12548:0922/121838.759:WARNING:page_discarding_helper.cc(138)] Discarding multiple pages with target (kb): 0
[125048:12548:0922/121843.779:WARNING:page_discarding_helper.cc(138)] Discarding multiple pages with target (kb): 0
[125048:12548:0922/121848.812:WARNING:page_discarding_helper.cc(138)] Discarding multiple pages with target (kb): 0
[125048:12548:0922/121853.865:WARNING:page_discarding_helper.cc(138)] Discarding multiple pages with target (kb): 0
[125048:12548:0922/121858.902:WARNING:page_discarding_helper.cc(138)] Discarding multiple pages with target (kb): 0
[125048:12548:0922/121903.942:WARNING:page_discarding_helper.cc(138)] Discarding multiple pages with target (kb): 0
[125048:12548:0922/121908.977:WARNING:page_discarding_helper.cc(138)] Discarding multiple pages with target (kb): 0
[125048:12548:0922/121939.123:WARNING:page_discarding_helper.cc(138)] Discarding multiple pages with target (kb): 0
[125048:12548:0922/121944.166:WARNING:page_discarding_helper.cc(138)] Discarding multiple pages with target (kb): 0
[125048:12548:0922/121949.166:WARNING:page_discarding_helper.cc(138)] Discarding multiple pages with target (kb): 0
[125048:12548:0922/121954.187:WARNING:page_discarding_helper.cc(138)] Discarding multiple pages with target (kb): 0
[125048:12548:0922/121959.242:WARNING:page_discarding_helper.cc(138)] Discarding multiple pages with target (kb): 0
[125048:12548:0922/122004.266:WARNING:page_discarding_helper.cc(138)] Discarding multiple pages with target (kb): 0
[125048:12548:0922/122009.266:WARNING:page_discarding_helper.cc(138)] Discarding multiple pages with target (kb): 0
[125048:12548:0922/122014.266:WARNING:page_discarding_helper.cc(138)] Discarding multiple pages with target (kb): 0
[125048:12548:0922/122039.379:WARNING:page_discarding_helper.cc(138)] Discarding multiple pages with target (kb): 0
[125048:12548:0922/122044.409:WARNING:page_discarding_helper.cc(138)] Discarding multiple pages with target (kb): 0
[125048:12548:0922/122049.409:WARNING:page_discarding_helper.cc(138)] Discarding multiple pages with target (kb): 0
[125048:12548:0922/122054.436:WARNING:page_discarding_helper.cc(138)] Discarding multiple pages with target (kb): 0
[125048:12548:0922/122059.480:WARNING:page_discarding_helper.cc(138)] Discarding multiple pages with target (kb): 0
[125048:12548:0922/122104.487:WARNING:page_discarding_helper.cc(138)] Discarding multiple pages with target (kb): 0
[125048:12548:0922/122109.499:WARNING:page_discarding_helper.cc(138)] Discarding multiple pages with target (kb): 0
[125048:12548:0922/122114.498:WARNING:page_discarding_helper.cc(138)] Discarding multiple pages with target (kb): 0
[125048:12548:0922/122119.501:WARNING:page_discarding_helper.cc(138)] Discarding multiple pages with target (kb): 0
[125048:12548:0922/122124.501:WARNING:page_discarding_helper.cc(138)] Discarding multiple pages with target (kb): 0
[125048:12548:0922/122129.543:WARNING:page_discarding_helper.cc(138)] Discarding multiple pages with target (kb): 0
[125048:12548:0922/122134.551:WARNING:page_discarding_helper.cc(138)] Discarding multiple pages with target (kb): 0
[125048:12548:0922/122139.607:WARNING:page_discarding_helper.cc(138)] Discarding multiple pages with target (kb): 0
[125048:12548:0922/122144.606:WARNING:page_discarding_helper.cc(138)] Discarding multiple pages with target (kb): 0
[125048:12548:0922/122149.610:WARNING:page_discarding_helper.cc(138)] Discarding multiple pages with target (kb): 0
[125048:12548:0922/122154.616:WARNING:page_discarding_helper.cc(138)] Discarding multiple pages with target (kb): 0
[125048:12548:0922/122159.627:WARNING:page_discarding_helper.cc(138)] Discarding multiple pages with target (kb): 0
[125048:12548:0922/122209.674:WARNING:page_discarding_helper.cc(138)] Discarding multiple pages with target (kb): 0
[125048:12548:0922/122214.699:WARNING:page_discarding_helper.cc(138)] Discarding multiple pages with target (kb): 0
[125048:12548:0922/122219.742:WARNING:page_discarding_helper.cc(138)] Discarding multiple pages with target (kb): 0
[125048:12548:0922/122224.755:WARNING:page_discarding_helper.cc(138)] Discarding multiple pages with target (kb): 0
[125048:12548:0922/122229.777:WARNING:page_discarding_helper.cc(138)] Discarding multiple pages with target (kb): 0
[125048:12548:0922/122234.791:WARNING:page_discarding_helper.cc(138)] Discarding multiple pages with target (kb): 0
[125048:12548:0922/122239.827:WARNING:page_discarding_helper.cc(138)] Discarding multiple pages with target (kb): 0
[125048:12548:0922/122244.827:WARNING:page_discarding_helper.cc(138)] Discarding multiple pages with target (kb): 0
[125048:12548:0922/122249.866:WARNING:page_discarding_helper.cc(138)] Discarding multiple pages with target (kb): 0
[125048:12548:0922/122254.909:WARNING:page_discarding_helper.cc(138)] Discarding multiple pages with target (kb): 0
[125048:12548:0922/122259.942:WARNING:page_discarding_helper.cc(138)] Discarding multiple pages with target (kb): 0
[125048:12548:0922/122304.980:WARNING:page_discarding_helper.cc(138)] Discarding multiple pages with target (kb): 0
[125048:12548:0922/122310.002:WARNING:page_discarding_helper.cc(138)] Discarding multiple pages with target (kb): 0
[125048:12548:0922/122315.049:WARNING:page_discarding_helper.cc(138)] Discarding multiple pages with target (kb): 0
[125048:12548:0922/122320.067:WARNING:page_discarding_helper.cc(138)] Discarding multiple pages with target (kb): 0
[125048:12548:0922/122325.097:WARNING:page_discarding_helper.cc(138)] Discarding multiple pages with target (kb): 0
[125048:12548:0922/122330.132:WARNING:page_discarding_helper.cc(138)] Discarding multiple pages with target (kb): 0
[125048:12548:0922/122335.175:WARNING:page_discarding_helper.cc(138)] Discarding multiple pages with target (kb): 0
[125048:12548:0922/122340.224:WARNING:page_discarding_helper.cc(138)] Discarding multiple pages with target (kb): 0
[125048:12548:0922/122345.240:WARNING:page_discarding_helper.cc(138)] Discarding multiple pages with target (kb): 0
[125048:12548:0922/122350.287:WARNING:page_discarding_helper.cc(138)] Discarding multiple pages with target (kb): 0
[125048:12548:0922/122355.290:WARNING:page_discarding_helper.cc(138)] Discarding multiple pages with target (kb): 0
[125048:12548:0922/122400.291:WARNING:page_discarding_helper.cc(138)] Discarding multiple pages with target (kb): 0
[125048:12548:0922/122405.305:WARNING:page_discarding_helper.cc(138)] Discarding multiple pages with target (kb): 0
[125048:12548:0922/122410.358:WARNING:page_discarding_helper.cc(138)] Discarding multiple pages with target (kb): 0
[125048:12548:0922/122545.909:WARNING:page_discarding_helper.cc(138)] Discarding multiple pages with target (kb): 0
[125048:12548:0922/122550.968:WARNING:page_discarding_helper.cc(138)] Discarding multiple pages with target (kb): 0
[125048:12548:0922/122555.972:WARNING:page_discarding_helper.cc(138)] Discarding multiple pages with target (kb): 0
[125048:12548:0922/122601.621:WARNING:page_discarding_helper.cc(138)] Discarding multiple pages with target (kb): 0
[125048:12548:0922/122606.975:WARNING:page_discarding_helper.cc(138)] Discarding multiple pages with target (kb): 0
[125048:12548:0922/122612.031:WARNING:page_discarding_helper.cc(138)] Discarding multiple pages with target (kb): 0
[125048:12548:0922/122617.065:WARNING:page_discarding_helper.cc(138)] Discarding multiple pages with target (kb): 0
[125048:12548:0922/122622.066:WARNING:page_discarding_helper.cc(138)] Discarding multiple pages with target (kb): 0
[125048:12548:0922/122627.066:WARNING:page_discarding_helper.cc(138)] Discarding multiple pages with target (kb): 0
[125048:12548:0922/122632.066:WARNING:page_discarding_helper.cc(138)] Discarding multiple pages with target (kb): 0
[125048:12548:0922/122637.065:WARNING:page_discarding_helper.cc(138)] Discarding multiple pages with target (kb): 0
[125048:12548:0922/122642.079:WARNING:page_discarding_helper.cc(138)] Discarding multiple pages with target (kb): 0
[125048:12548:0922/122657.080:WARNING:page_discarding_helper.cc(138)] Discarding multiple pages with target (kb): 0
[125048:12548:0922/122702.080:WARNING:page_discarding_helper.cc(138)] Discarding multiple pages with target (kb): 0
[125048:12548:0922/122707.100:WARNING:page_discarding_helper.cc(138)] Discarding multiple pages with target (kb): 0
[125048:12548:0922/122712.308:WARNING:page_discarding_helper.cc(138)] Discarding multiple pages with target (kb): 0
[125048:12548:0922/122717.312:WARNING:page_discarding_helper.cc(138)] Discarding multiple pages with target (kb): 0
[125048:12548:0922/122722.346:WARNING:page_discarding_helper.cc(138)] Discarding multiple pages with target (kb): 0
[125048:12548:0922/122727.380:WARNING:page_discarding_helper.cc(138)] Discarding multiple pages with target (kb): 0
[125048:12548:0922/122732.387:WARNING:page_discarding_helper.cc(138)] Discarding multiple pages with target (kb): 0
[125048:12548:0922/122737.390:WARNING:page_discarding_helper.cc(138)] Discarding multiple pages with target (kb): 0
[125048:12548:0922/122742.390:WARNING:page_discarding_helper.cc(138)] Discarding multiple pages with target (kb): 0
[125048:12548:0922/122747.392:WARNING:page_discarding_helper.cc(138)] Discarding multiple pages with target (kb): 0
[125048:12548:0922/122752.394:WARNING:page_discarding_helper.cc(138)] Discarding multiple pages with target (kb): 0
[125048:12548:0922/122757.395:WARNING:page_discarding_helper.cc(138)] Discarding multiple pages with target (kb): 0
[125048:12548:0922/122802.406:WARNING:page_discarding_helper.cc(138)] Discarding multiple pages with target (kb): 0
[125048:12548:0922/122807.409:WARNING:page_discarding_helper.cc(138)] Discarding multiple pages with target (kb): 0
[125048:12548:0922/122812.421:WARNING:page_discarding_helper.cc(138)] Discarding multiple pages with target (kb): 0
[125048:12548:0922/122817.420:WARNING:page_discarding_helper.cc(138)] Discarding multiple pages with target (kb): 0
[125048:12548:0922/122822.476:WARNING:page_discarding_helper.cc(138)] Discarding multiple pages with target (kb): 0
[125048:12548:0922/122827.479:WARNING:page_discarding_helper.cc(138)] Discarding multiple pages with target (kb): 0
[125048:12548:0922/122832.481:WARNING:page_discarding_helper.cc(138)] Discarding multiple pages with target (kb): 0
[125048:12548:0922/122837.483:WARNING:page_discarding_helper.cc(138)] Discarding multiple pages with target (kb): 0
[125048:12548:0922/122842.484:WARNING:page_discarding_helper.cc(138)] Discarding multiple pages with target (kb): 0
[125048:12548:0922/122847.486:WARNING:page_discarding_helper.cc(138)] Discarding multiple pages with target (kb): 0
[125048:12548:0922/122852.509:WARNING:page_discarding_helper.cc(138)] Discarding multiple pages with target (kb): 0
[125048:12548:0922/122857.508:WARNING:page_discarding_helper.cc(138)] Discarding multiple pages with target (kb): 0
[125048:12548:0922/122902.509:WARNING:page_discarding_helper.cc(138)] Discarding multiple pages with target (kb): 0
[125048:12548:0922/122907.509:WARNING:page_discarding_helper.cc(138)] Discarding multiple pages with target (kb): 0
[125048:12548:0922/122912.514:WARNING:page_discarding_helper.cc(138)] Discarding multiple pages with target (kb): 0
[125048:12548:0922/123208.257:WARNING:page_discarding_helper.cc(138)] Discarding multiple pages with target (kb): 0
[125048:12548:0922/123213.298:WARNING:page_discarding_helper.cc(138)] Discarding multiple pages with target (kb): 0
[125048:12548:0922/123219.785:WARNING:page_discarding_helper.cc(138)] Discarding multiple pages with target (kb): 0
[125048:12548:0922/123224.834:WARNING:page_discarding_helper.cc(138)] Discarding multiple pages with target (kb): 0
[125048:12548:0922/123229.853:WARNING:page_discarding_helper.cc(138)] Discarding multiple pages with target (kb): 0
[125048:12548:0922/123234.854:WARNING:page_discarding_helper.cc(138)] Discarding multiple pages with target (kb): 0
[125048:12548:0922/123239.854:WARNING:page_discarding_helper.cc(138)] Discarding multiple pages with target (kb): 0
[125048:12548:0922/123244.855:WARNING:page_discarding_helper.cc(138)] Discarding multiple pages with target (kb): 0
[125048:12548:0922/123249.855:WARNING:page_discarding_helper.cc(138)] Discarding multiple pages with target (kb): 0
[125048:12548:0922/123254.858:WARNING:page_discarding_helper.cc(138)] Discarding multiple pages with target (kb): 0
[125048:12548:0922/123259.875:WARNING:page_discarding_helper.cc(138)] Discarding multiple pages with target (kb): 0
[125048:12548:0922/123304.875:WARNING:page_discarding_helper.cc(138)] Discarding multiple pages with target (kb): 0
[125048:12548:0922/123309.886:WARNING:page_discarding_helper.cc(138)] Discarding multiple pages with target (kb): 0
[125048:12548:0922/123314.935:WARNING:page_discarding_helper.cc(138)] Discarding multiple pages with target (kb): 0
[125048:12548:0922/123319.959:WARNING:page_discarding_helper.cc(138)] Discarding multiple pages with target (kb): 0
[125048:12548:0922/123325.030:WARNING:page_discarding_helper.cc(138)] Discarding multiple pages with target (kb): 0
[125048:12548:0922/123330.036:WARNING:page_discarding_helper.cc(138)] Discarding multiple pages with target (kb): 0
[125048:12548:0922/123335.035:WARNING:page_discarding_helper.cc(138)] Discarding multiple pages with target (kb): 0
[125048:12548:0922/123340.078:WARNING:page_discarding_helper.cc(138)] Discarding multiple pages with target (kb): 0
[125048:12548:0922/123345.130:WARNING:page_discarding_helper.cc(138)] Discarding multiple pages with target (kb): 0
[125048:12548:0922/123350.218:WARNING:page_discarding_helper.cc(138)] Discarding multiple pages with target (kb): 0
[125048:12548:0922/123355.219:WARNING:page_discarding_helper.cc(138)] Discarding multiple pages with target (kb): 0
[125048:12548:0922/123400.244:WARNING:page_discarding_helper.cc(138)] Discarding multiple pages with target (kb): 0
[125048:12548:0922/123405.263:WARNING:page_discarding_helper.cc(138)] Discarding multiple pages with target (kb): 0
[125048:12548:0922/123410.283:WARNING:page_discarding_helper.cc(138)] Discarding multiple pages with target (kb): 0
[125048:12548:0922/123415.292:WARNING:page_discarding_helper.cc(138)] Discarding multiple pages with target (kb): 0
[125048:12548:0922/123420.333:WARNING:page_discarding_helper.cc(138)] Discarding multiple pages with target (kb): 0
[125048:12548:0922/123425.333:WARNING:page_discarding_helper.cc(138)] Discarding multiple pages with target (kb): 0
[125048:12548:0922/123430.409:WARNING:page_discarding_helper.cc(138)] Discarding multiple pages with target (kb): 0
[125048:12548:0922/123435.409:WARNING:page_discarding_helper.cc(138)] Discarding multiple pages with target (kb): 0
[125048:12548:0922/123440.409:WARNING:page_discarding_helper.cc(138)] Discarding multiple pages with target (kb): 0
[125048:12548:0922/123445.418:WARNING:page_discarding_helper.cc(138)] Discarding multiple pages with target (kb): 0
[125048:12548:0922/123450.424:WARNING:page_discarding_helper.cc(138)] Discarding multiple pages with target (kb): 0
[125048:12548:0922/123455.429:WARNING:page_discarding_helper.cc(138)] Discarding multiple pages with target (kb): 0
[125048:12548:0922/123500.430:WARNING:page_discarding_helper.cc(138)] Discarding multiple pages with target (kb): 0
[125048:12548:0922/123505.435:WARNING:page_discarding_helper.cc(138)] Discarding multiple pages with target (kb): 0
[125048:12548:0922/123510.447:WARNING:page_discarding_helper.cc(138)] Discarding multiple pages with target (kb): 0
[125048:12548:0922/123515.452:WARNING:page_discarding_helper.cc(138)] Discarding multiple pages with target (kb): 0
[125048:12548:0922/123520.460:WARNING:page_discarding_helper.cc(138)] Discarding multiple pages with target (kb): 0
[125048:12548:0922/123525.468:WARNING:page_discarding_helper.cc(138)] Discarding multiple pages with target (kb): 0
[125048:12548:0922/123530.524:WARNING:page_discarding_helper.cc(138)] Discarding multiple pages with target (kb): 0
[125048:12548:0922/123535.564:WARNING:page_discarding_helper.cc(138)] Discarding multiple pages with target (kb): 0
[125048:12548:0922/123540.598:WARNING:page_discarding_helper.cc(138)] Discarding multiple pages with target (kb): 0
[125048:12548:0922/123545.607:WARNING:page_discarding_helper.cc(138)] Discarding multiple pages with target (kb): 0
[125048:12548:0922/123550.614:WARNING:page_discarding_helper.cc(138)] Discarding multiple pages with target (kb): 0
[125048:12548:0922/123555.628:WARNING:page_discarding_helper.cc(138)] Discarding multiple pages with target (kb): 0
[125048:12548:0922/123600.671:WARNING:page_discarding_helper.cc(138)] Discarding multiple pages with target (kb): 0
[125048:12548:0922/123605.687:WARNING:page_discarding_helper.cc(138)] Discarding multiple pages with target (kb): 0
[125048:12548:0922/123610.692:WARNING:page_discarding_helper.cc(138)] Discarding multiple pages with target (kb): 0
[125048:12548:0922/123615.746:WARNING:page_discarding_helper.cc(138)] Discarding multiple pages with target (kb): 0
[125048:12548:0922/123620.770:WARNING:page_discarding_helper.cc(138)] Discarding multiple pages with target (kb): 0
[125048:12548:0922/123625.771:WARNING:page_discarding_helper.cc(138)] Discarding multiple pages with target (kb): 0
[125048:12548:0922/123630.779:WARNING:page_discarding_helper.cc(138)] Discarding multiple pages with target (kb): 0
[125048:12548:0922/123635.779:WARNING:page_discarding_helper.cc(138)] Discarding multiple pages with target (kb): 0
[125048:12548:0922/123640.786:WARNING:page_discarding_helper.cc(138)] Discarding multiple pages with target (kb): 0
[125048:12548:0922/123645.788:WARNING:page_discarding_helper.cc(138)] Discarding multiple pages with target (kb): 0
[125048:12548:0922/123650.800:WARNING:page_discarding_helper.cc(138)] Discarding multiple pages with target (kb): 0
[125048:12548:0922/123655.822:WARNING:page_discarding_helper.cc(138)] Discarding multiple pages with target (kb): 0
[125048:12548:0922/123700.823:WARNING:page_discarding_helper.cc(138)] Discarding multiple pages with target (kb): 0
[125048:12548:0922/123705.860:WARNING:page_discarding_helper.cc(138)] Discarding multiple pages with target (kb): 0
[125048:12548:0922/123710.882:WARNING:page_discarding_helper.cc(138)] Discarding multiple pages with target (kb): 0
[125048:12548:0922/123715.883:WARNING:page_discarding_helper.cc(138)] Discarding multiple pages with target (kb): 0
[125048:12548:0922/123720.883:WARNING:page_discarding_helper.cc(138)] Discarding multiple pages with target (kb): 0
[125048:12548:0922/123725.883:WARNING:page_discarding_helper.cc(138)] Discarding multiple pages with target (kb): 0
[125048:12548:0922/123730.884:WARNING:page_discarding_helper.cc(138)] Discarding multiple pages with target (kb): 0
[125048:12548:0922/123735.895:WARNING:page_discarding_helper.cc(138)] Discarding multiple pages with target (kb): 0
[125048:12548:0922/123740.895:WARNING:page_discarding_helper.cc(138)] Discarding multiple pages with target (kb): 0
[125048:12548:0922/123745.898:WARNING:page_discarding_helper.cc(138)] Discarding multiple pages with target (kb): 0
[125048:12548:0922/123750.909:WARNING:page_discarding_helper.cc(138)] Discarding multiple pages with target (kb): 0
[125048:12548:0922/123755.908:WARNING:page_discarding_helper.cc(138)] Discarding multiple pages with target (kb): 0
[125048:12548:0922/123801.099:WARNING:page_discarding_helper.cc(138)] Discarding multiple pages with target (kb): 0
[125048:12548:0922/123806.102:WARNING:page_discarding_helper.cc(138)] Discarding multiple pages with target (kb): 0
[125048:12548:0922/123811.107:WARNING:page_discarding_helper.cc(138)] Discarding multiple pages with target (kb): 0
[125048:12548:0922/123816.133:WARNING:page_discarding_helper.cc(138)] Discarding multiple pages with target (kb): 0
[125048:12548:0922/123821.133:WARNING:page_discarding_helper.cc(138)] Discarding multiple pages with target (kb): 0
[125048:12548:0922/123826.188:WARNING:page_discarding_helper.cc(138)] Discarding multiple pages with target (kb): 0
[125048:12548:0922/123831.208:WARNING:page_discarding_helper.cc(138)] Discarding multiple pages with target (kb): 0
[125048:12548:0922/123836.212:WARNING:page_discarding_helper.cc(138)] Discarding multiple pages with target (kb): 0
[125048:12548:0922/123841.265:WARNING:page_discarding_helper.cc(138)] Discarding multiple pages with target (kb): 0
[125048:12548:0922/123846.317:WARNING:page_discarding_helper.cc(138)] Discarding multiple pages with target (kb): 0
[125048:12548:0922/123851.370:WARNING:page_discarding_helper.cc(138)] Discarding multiple pages with target (kb): 0
[125048:12548:0922/123856.371:WARNING:page_discarding_helper.cc(138)] Discarding multiple pages with target (kb): 0
[125048:12548:0922/123901.370:WARNING:page_discarding_helper.cc(138)] Discarding multiple pages with target (kb): 0
[125048:12548:0922/123906.422:WARNING:page_discarding_helper.cc(138)] Discarding multiple pages with target (kb): 0
[125048:12548:0922/123911.426:WARNING:page_discarding_helper.cc(138)] Discarding multiple pages with target (kb): 0
[125048:12548:0922/123941.526:WARNING:page_discarding_helper.cc(138)] Discarding multiple pages with target (kb): 0
[125048:12548:0922/124006.604:WARNING:page_discarding_helper.cc(138)] Discarding multiple pages with target (kb): 0
[125048:12548:0922/124011.615:WARNING:page_discarding_helper.cc(138)] Discarding multiple pages with target (kb): 0
[125048:12548:0922/124016.665:WARNING:page_discarding_helper.cc(138)] Discarding multiple pages with target (kb): 0
[125048:12548:0922/124021.664:WARNING:page_discarding_helper.cc(138)] Discarding multiple pages with target (kb): 0
[125048:12548:0922/124026.678:WARNING:page_discarding_helper.cc(138)] Discarding multiple pages with target (kb): 0
[125048:12548:0922/124031.678:WARNING:page_discarding_helper.cc(138)] Discarding multiple pages with target (kb): 0
[125048:12548:0922/124036.686:WARNING:page_discarding_helper.cc(138)] Discarding multiple pages with target (kb): 0
[125048:12548:0922/124041.703:WARNING:page_discarding_helper.cc(138)] Discarding multiple pages with target (kb): 0
[125048:12548:0922/124046.757:WARNING:page_discarding_helper.cc(138)] Discarding multiple pages with target (kb): 0
[125048:12548:0922/124051.757:WARNING:page_discarding_helper.cc(138)] Discarding multiple pages with target (kb): 0
[125048:12548:0922/124056.797:WARNING:page_discarding_helper.cc(138)] Discarding multiple pages with target (kb): 0
[125048:12548:0922/124101.831:WARNING:page_discarding_helper.cc(138)] Discarding multiple pages with target (kb): 0
[125048:12548:0922/124106.839:WARNING:page_discarding_helper.cc(138)] Discarding multiple pages with target (kb): 0
[125048:12548:0922/124111.840:WARNING:page_discarding_helper.cc(138)] Discarding multiple pages with target (kb): 0
[125048:12548:0922/124116.839:WARNING:page_discarding_helper.cc(138)] Discarding multiple pages with target (kb): 0
[125048:12548:0922/124121.854:WARNING:page_discarding_helper.cc(138)] Discarding multiple pages with target (kb): 0
[125048:12548:0922/124126.874:WARNING:page_discarding_helper.cc(138)] Discarding multiple pages with target (kb): 0
[125048:12548:0922/124131.929:WARNING:page_discarding_helper.cc(138)] Discarding multiple pages with target (kb): 0
[125048:12548:0922/124136.928:WARNING:page_discarding_helper.cc(138)] Discarding multiple pages with target (kb): 0
[125048:12548:0922/124141.929:WARNING:page_discarding_helper.cc(138)] Discarding multiple pages with target (kb): 0
[125048:12548:0922/124146.948:WARNING:page_discarding_helper.cc(138)] Discarding multiple pages with target (kb): 0
[125048:12548:0922/124151.999:WARNING:page_discarding_helper.cc(138)] Discarding multiple pages with target (kb): 0
[125048:12548:0922/124157.035:WARNING:page_discarding_helper.cc(138)] Discarding multiple pages with target (kb): 0
[125048:12548:0922/124202.085:WARNING:page_discarding_helper.cc(138)] Discarding multiple pages with target (kb): 0
[125048:12548:0922/124207.113:WARNING:page_discarding_helper.cc(138)] Discarding multiple pages with target (kb): 0
[125048:12548:0922/124212.160:WARNING:page_discarding_helper.cc(138)] Discarding multiple pages with target (kb): 0
[125048:12548:0922/124217.160:WARNING:page_discarding_helper.cc(138)] Discarding multiple pages with target (kb): 0
[125048:12548:0922/124222.183:WARNING:page_discarding_helper.cc(138)] Discarding multiple pages with target (kb): 0
[125048:12548:0922/124227.184:WARNING:page_discarding_helper.cc(138)] Discarding multiple pages with target (kb): 0
[125048:12548:0922/124232.231:WARNING:page_discarding_helper.cc(138)] Discarding multiple pages with target (kb): 0
[125048:12548:0922/124237.257:WARNING:page_discarding_helper.cc(138)] Discarding multiple pages with target (kb): 0
[125048:12548:0922/124242.270:WARNING:page_discarding_helper.cc(138)] Discarding multiple pages with target (kb): 0
[125048:12548:0922/124247.269:WARNING:page_discarding_helper.cc(138)] Discarding multiple pages with target (kb): 0
[125048:12548:0922/124252.280:WARNING:page_discarding_helper.cc(138)] Discarding multiple pages with target (kb): 0
[125048:12548:0922/124257.296:WARNING:page_discarding_helper.cc(138)] Discarding multiple pages with target (kb): 0
[125048:12548:0922/124302.296:WARNING:page_discarding_helper.cc(138)] Discarding multiple pages with target (kb): 0
[125048:12548:0922/124307.336:WARNING:page_discarding_helper.cc(138)] Discarding multiple pages with target (kb): 0
[125048:12548:0922/124312.391:WARNING:page_discarding_helper.cc(138)] Discarding multiple pages with target (kb): 0
[125048:12548:0922/124317.418:WARNING:page_discarding_helper.cc(138)] Discarding multiple pages with target (kb): 0
[125048:12548:0922/124322.448:WARNING:page_discarding_helper.cc(138)] Discarding multiple pages with target (kb): 0
[125048:12548:0922/124327.476:WARNING:page_discarding_helper.cc(138)] Discarding multiple pages with target (kb): 0
[125048:12548:0922/124332.476:WARNING:page_discarding_helper.cc(138)] Discarding multiple pages with target (kb): 0
[125048:12548:0922/124402.873:WARNING:page_discarding_helper.cc(138)] Discarding multiple pages with target (kb): 0
[125048:12548:0922/124432.995:WARNING:page_discarding_helper.cc(138)] Discarding multiple pages with target (kb): 0
[125048:12548:0922/124437.994:WARNING:page_discarding_helper.cc(138)] Discarding multiple pages with target (kb): 0
[125048:12548:0922/124442.993:WARNING:page_discarding_helper.cc(138)] Discarding multiple pages with target (kb): 0
[125048:12548:0922/124448.000:WARNING:page_discarding_helper.cc(138)] Discarding multiple pages with target (kb): 0
[125048:12548:0922/124453.042:WARNING:page_discarding_helper.cc(138)] Discarding multiple pages with target (kb): 0
[125048:12548:0922/124710.775:WARNING:page_discarding_helper.cc(138)] Discarding multiple pages with target (kb): 0
[125048:12548:0922/124715.770:WARNING:page_discarding_helper.cc(138)] Discarding multiple pages with target (kb): 0
[125048:12548:0922/124720.775:WARNING:page_discarding_helper.cc(138)] Discarding multiple pages with target (kb): 0
[125048:12548:0922/124725.790:WARNING:page_discarding_helper.cc(138)] Discarding multiple pages with target (kb): 0
[125048:12548:0922/124821.084:WARNING:page_discarding_helper.cc(138)] Discarding multiple pages with target (kb): 0
[125048:12548:0922/124831.128:WARNING:page_discarding_helper.cc(138)] Discarding multiple pages with target (kb): 0
[125048:12548:0922/124851.347:WARNING:page_discarding_helper.cc(138)] Discarding multiple pages with target (kb): 0
[125048:12548:0922/124911.462:WARNING:page_discarding_helper.cc(138)] Discarding multiple pages with target (kb): 0
[125048:12548:0922/125047.981:WARNING:page_discarding_helper.cc(138)] Discarding multiple pages with target (kb): 0
[125048:12548:0922/125113.083:WARNING:page_discarding_helper.cc(138)] Discarding multiple pages with target (kb): 0
[125048:12548:0922/125118.097:WARNING:page_discarding_helper.cc(138)] Discarding multiple pages with target (kb): 0
[125048:12548:0922/125123.140:WARNING:page_discarding_helper.cc(138)] Discarding multiple pages with target (kb): 0
[125048:12548:0922/125128.140:WARNING:page_discarding_helper.cc(138)] Discarding multiple pages with target (kb): 0
[125048:12548:0922/125133.140:WARNING:page_discarding_helper.cc(138)] Discarding multiple pages with target (kb): 0
[125048:12548:0922/125138.169:WARNING:page_discarding_helper.cc(138)] Discarding multiple pages with target (kb): 0
[125048:12548:0922/125143.177:WARNING:page_discarding_helper.cc(138)] Discarding multiple pages with target (kb): 0
[125048:12548:0922/125148.176:WARNING:page_discarding_helper.cc(138)] Discarding multiple pages with target (kb): 0
[125048:12548:0922/125153.217:WARNING:page_discarding_helper.cc(138)] Discarding multiple pages with target (kb): 0
[125048:12548:0922/125158.230:WARNING:page_discarding_helper.cc(138)] Discarding multiple pages with target (kb): 0
[125048:12548:0922/125203.229:WARNING:page_discarding_helper.cc(138)] Discarding multiple pages with target (kb): 0
[125048:12548:0922/125208.236:WARNING:page_discarding_helper.cc(138)] Discarding multiple pages with target (kb): 0
[125048:12548:0922/125213.279:WARNING:page_discarding_helper.cc(138)] Discarding multiple pages with target (kb): 0
[125048:12548:0922/125218.303:WARNING:page_discarding_helper.cc(138)] Discarding multiple pages with target (kb): 0
[125048:12548:0922/125223.321:WARNING:page_discarding_helper.cc(138)] Discarding multiple pages with target (kb): 0
[125048:12548:0922/125228.328:WARNING:page_discarding_helper.cc(138)] Discarding multiple pages with target (kb): 0
[125048:12548:0922/125233.329:WARNING:page_discarding_helper.cc(138)] Discarding multiple pages with target (kb): 0
[125048:12548:0922/125238.365:WARNING:page_discarding_helper.cc(138)] Discarding multiple pages with target (kb): 0
[125048:12548:0922/125243.374:WARNING:page_discarding_helper.cc(138)] Discarding multiple pages with target (kb): 0
[125048:12548:0922/125248.401:WARNING:page_discarding_helper.cc(138)] Discarding multiple pages with target (kb): 0
[125048:12548:0922/125253.400:WARNING:page_discarding_helper.cc(138)] Discarding multiple pages with target (kb): 0
[125048:12548:0922/125258.414:WARNING:page_discarding_helper.cc(138)] Discarding multiple pages with target (kb): 0
[125048:12548:0922/125303.414:WARNING:page_discarding_helper.cc(138)] Discarding multiple pages with target (kb): 0
[125048:12548:0922/125308.417:WARNING:page_discarding_helper.cc(138)] Discarding multiple pages with target (kb): 0
[125048:12548:0922/125313.446:WARNING:page_discarding_helper.cc(138)] Discarding multiple pages with target (kb): 0
[125048:12548:0922/125318.493:WARNING:page_discarding_helper.cc(138)] Discarding multiple pages with target (kb): 0
[125048:12548:0922/125323.503:WARNING:page_discarding_helper.cc(138)] Discarding multiple pages with target (kb): 0
[125048:12548:0922/125328.510:WARNING:page_discarding_helper.cc(138)] Discarding multiple pages with target (kb): 0
[125048:12548:0922/125333.520:WARNING:page_discarding_helper.cc(138)] Discarding multiple pages with target (kb): 0
[125048:12548:0922/125338.576:WARNING:page_discarding_helper.cc(138)] Discarding multiple pages with target (kb): 0
[125048:12548:0922/125343.587:WARNING:page_discarding_helper.cc(138)] Discarding multiple pages with target (kb): 0
[125048:12548:0922/125348.590:WARNING:page_discarding_helper.cc(138)] Discarding multiple pages with target (kb): 0
[125048:12548:0922/125353.601:WARNING:page_discarding_helper.cc(138)] Discarding multiple pages with target (kb): 0
[125048:12548:0922/125358.601:WARNING:page_discarding_helper.cc(138)] Discarding multiple pages with target (kb): 0
[125048:12548:0922/125403.602:WARNING:page_discarding_helper.cc(138)] Discarding multiple pages with target (kb): 0
[125048:12548:0922/125408.612:WARNING:page_discarding_helper.cc(138)] Discarding multiple pages with target (kb): 0
[125048:12548:0922/125413.618:WARNING:page_discarding_helper.cc(138)] Discarding multiple pages with target (kb): 0
[125048:12548:0922/125418.622:WARNING:page_discarding_helper.cc(138)] Discarding multiple pages with target (kb): 0
[125048:12548:0922/125714.409:WARNING:page_discarding_helper.cc(138)] Discarding multiple pages with target (kb): 0
[125048:12548:0922/125719.466:WARNING:page_discarding_helper.cc(138)] Discarding multiple pages with target (kb): 0
[125048:12548:0922/125724.467:WARNING:page_discarding_helper.cc(138)] Discarding multiple pages with target (kb): 0
[125048:12548:0922/125729.478:WARNING:page_discarding_helper.cc(138)] Discarding multiple pages with target (kb): 0
[125048:12548:0922/125734.491:WARNING:page_discarding_helper.cc(138)] Discarding multiple pages with target (kb): 0
[125048:12548:0922/125739.529:WARNING:page_discarding_helper.cc(138)] Discarding multiple pages with target (kb): 0
[125048:12548:0922/125744.529:WARNING:page_discarding_helper.cc(138)] Discarding multiple pages with target (kb): 0
[125048:12548:0922/125749.585:WARNING:page_discarding_helper.cc(138)] Discarding multiple pages with target (kb): 0
[125048:12548:0922/125754.642:WARNING:page_discarding_helper.cc(138)] Discarding multiple pages with target (kb): 0
[125048:12548:0922/125759.698:WARNING:page_discarding_helper.cc(138)] Discarding multiple pages with target (kb): 0
[125048:12548:0922/125804.725:WARNING:page_discarding_helper.cc(138)] Discarding multiple pages with target (kb): 0
[125048:12548:0922/125809.769:WARNING:page_discarding_helper.cc(138)] Discarding multiple pages with target (kb): 0
[125048:12548:0922/125814.812:WARNING:page_discarding_helper.cc(138)] Discarding multiple pages with target (kb): 0
[125048:12548:0922/125819.811:WARNING:page_discarding_helper.cc(138)] Discarding multiple pages with target (kb): 0
[125048:12548:0922/125824.870:WARNING:page_discarding_helper.cc(138)] Discarding multiple pages with target (kb): 0
[125048:12548:0922/125829.925:WARNING:page_discarding_helper.cc(138)] Discarding multiple pages with target (kb): 0
[125048:12548:0922/125834.934:WARNING:page_discarding_helper.cc(138)] Discarding multiple pages with target (kb): 0
[125048:12548:0922/125839.933:WARNING:page_discarding_helper.cc(138)] Discarding multiple pages with target (kb): 0
[125048:12548:0922/125844.936:WARNING:page_discarding_helper.cc(138)] Discarding multiple pages with target (kb): 0
[125048:12548:0922/125849.942:WARNING:page_discarding_helper.cc(138)] Discarding multiple pages with target (kb): 0
[125048:12548:0922/125854.941:WARNING:page_discarding_helper.cc(138)] Discarding multiple pages with target (kb): 0
[125048:12548:0922/125859.943:WARNING:page_discarding_helper.cc(138)] Discarding multiple pages with target (kb): 0
[125048:12548:0922/125904.988:WARNING:page_discarding_helper.cc(138)] Discarding multiple pages with target (kb): 0
[125048:12548:0922/125910.021:WARNING:page_discarding_helper.cc(138)] Discarding multiple pages with target (kb): 0
[125048:12548:0922/125915.021:WARNING:page_discarding_helper.cc(138)] Discarding multiple pages with target (kb): 0
[125048:12548:0922/125920.079:WARNING:page_discarding_helper.cc(138)] Discarding multiple pages with target (kb): 0
[125048:12548:0922/125925.079:WARNING:page_discarding_helper.cc(138)] Discarding multiple pages with target (kb): 0
[125048:12548:0922/125930.099:WARNING:page_discarding_helper.cc(138)] Discarding multiple pages with target (kb): 0
[125048:12548:0922/125935.105:WARNING:page_discarding_helper.cc(138)] Discarding multiple pages with target (kb): 0
[125048:12548:0922/125940.109:WARNING:page_discarding_helper.cc(138)] Discarding multiple pages with target (kb): 0
[125048:12548:0922/125945.110:WARNING:page_discarding_helper.cc(138)] Discarding multiple pages with target (kb): 0
[125048:12548:0922/125950.161:WARNING:page_discarding_helper.cc(138)] Discarding multiple pages with target (kb): 0
[125048:12548:0922/125955.190:WARNING:page_discarding_helper.cc(138)] Discarding multiple pages with target (kb): 0
[125048:12548:0922/130000.205:WARNING:page_discarding_helper.cc(138)] Discarding multiple pages with target (kb): 0
[125048:12548:0922/130005.263:WARNING:page_discarding_helper.cc(138)] Discarding multiple pages with target (kb): 0
[125048:12548:0922/130010.262:WARNING:page_discarding_helper.cc(138)] Discarding multiple pages with target (kb): 0
[125048:12548:0922/130015.277:WARNING:page_discarding_helper.cc(138)] Discarding multiple pages with target (kb): 0
[125048:12548:0922/130020.298:WARNING:page_discarding_helper.cc(138)] Discarding multiple pages with target (kb): 0
[125048:12548:0922/130025.298:WARNING:page_discarding_helper.cc(138)] Discarding multiple pages with target (kb): 0
[125048:12548:0922/130030.349:WARNING:page_discarding_helper.cc(138)] Discarding multiple pages with target (kb): 0
[125048:12548:0922/130035.391:WARNING:page_discarding_helper.cc(138)] Discarding multiple pages with target (kb): 0
[125048:12548:0922/130040.403:WARNING:page_discarding_helper.cc(138)] Discarding multiple pages with target (kb): 0
[125048:12548:0922/130045.413:WARNING:page_discarding_helper.cc(138)] Discarding multiple pages with target (kb): 0
[125048:12548:0922/130050.412:WARNING:page_discarding_helper.cc(138)] Discarding multiple pages with target (kb): 0
[125048:12548:0922/130055.414:WARNING:page_discarding_helper.cc(138)] Discarding multiple pages with target (kb): 0
[125048:12548:0922/130100.467:WARNING:page_discarding_helper.cc(138)] Discarding multiple pages with target (kb): 0
[125048:12548:0922/130105.526:WARNING:page_discarding_helper.cc(138)] Discarding multiple pages with target (kb): 0
[125048:12548:0922/130110.543:WARNING:page_discarding_helper.cc(138)] Discarding multiple pages with target (kb): 0
[125048:12548:0922/130115.567:WARNING:page_discarding_helper.cc(138)] Discarding multiple pages with target (kb): 0
[125048:12548:0922/130120.571:WARNING:page_discarding_helper.cc(138)] Discarding multiple pages with target (kb): 0
[125048:12548:0922/130125.602:WARNING:page_discarding_helper.cc(138)] Discarding multiple pages with target (kb): 0
[125048:12548:0922/130130.602:WARNING:page_discarding_helper.cc(138)] Discarding multiple pages with target (kb): 0
[125048:12548:0922/130135.602:WARNING:page_discarding_helper.cc(138)] Discarding multiple pages with target (kb): 0
[125048:12548:0922/130140.667:WARNING:page_discarding_helper.cc(138)] Discarding multiple pages with target (kb): 0
[125048:12548:0922/130145.628:WARNING:page_discarding_helper.cc(138)] Discarding multiple pages with target (kb): 0
[125048:12548:0922/130150.686:WARNING:page_discarding_helper.cc(138)] Discarding multiple pages with target (kb): 0
[125048:12548:0922/130155.686:WARNING:page_discarding_helper.cc(138)] Discarding multiple pages with target (kb): 0
[125048:12548:0922/130200.753:WARNING:page_discarding_helper.cc(138)] Discarding multiple pages with target (kb): 0
[125048:12548:0922/130205.686:WARNING:page_discarding_helper.cc(138)] Discarding multiple pages with target (kb): 0
[125048:12548:0922/130210.686:WARNING:page_discarding_helper.cc(138)] Discarding multiple pages with target (kb): 0
[125048:12548:0922/130215.739:WARNING:page_discarding_helper.cc(138)] Discarding multiple pages with target (kb): 0
[125048:12548:0922/130220.751:WARNING:page_discarding_helper.cc(138)] Discarding multiple pages with target (kb): 0
[125048:12548:0922/130225.817:WARNING:page_discarding_helper.cc(138)] Discarding multiple pages with target (kb): 0
[125048:12548:0922/130230.791:WARNING:page_discarding_helper.cc(138)] Discarding multiple pages with target (kb): 0
[125048:12548:0922/130235.832:WARNING:page_discarding_helper.cc(138)] Discarding multiple pages with target (kb): 0
[125048:12548:0922/130240.870:WARNING:page_discarding_helper.cc(138)] Discarding multiple pages with target (kb): 0
[125048:12548:0922/130245.899:WARNING:page_discarding_helper.cc(138)] Discarding multiple pages with target (kb): 0
[125048:12548:0922/130250.927:WARNING:page_discarding_helper.cc(138)] Discarding multiple pages with target (kb): 0
[125048:12548:0922/130255.947:WARNING:page_discarding_helper.cc(138)] Discarding multiple pages with target (kb): 0
[125048:12548:0922/130300.990:WARNING:page_discarding_helper.cc(138)] Discarding multiple pages with target (kb): 0
[125048:12548:0922/130305.996:WARNING:page_discarding_helper.cc(138)] Discarding multiple pages with target (kb): 0
[125048:12548:0922/130311.016:WARNING:page_discarding_helper.cc(138)] Discarding multiple pages with target (kb): 0
[125048:12548:0922/130316.072:WARNING:page_discarding_helper.cc(138)] Discarding multiple pages with target (kb): 0
[125048:12548:0922/130321.129:WARNING:page_discarding_helper.cc(138)] Discarding multiple pages with target (kb): 0
[125048:12548:0922/130326.149:WARNING:page_discarding_helper.cc(138)] Discarding multiple pages with target (kb): 0
[125048:12548:0922/130331.168:WARNING:page_discarding_helper.cc(138)] Discarding multiple pages with target (kb): 0
[125048:12548:0922/130336.223:WARNING:page_discarding_helper.cc(138)] Discarding multiple pages with target (kb): 0
[125048:12548:0922/130341.275:WARNING:page_discarding_helper.cc(138)] Discarding multiple pages with target (kb): 0
[125048:12548:0922/130346.288:WARNING:page_discarding_helper.cc(138)] Discarding multiple pages with target (kb): 0
[125048:12548:0922/130351.293:WARNING:page_discarding_helper.cc(138)] Discarding multiple pages with target (kb): 0
[125048:12548:0922/130356.327:WARNING:page_discarding_helper.cc(138)] Discarding multiple pages with target (kb): 0
[125048:12548:0922/130401.327:WARNING:page_discarding_helper.cc(138)] Discarding multiple pages with target (kb): 0
[125048:12548:0922/130406.341:WARNING:page_discarding_helper.cc(138)] Discarding multiple pages with target (kb): 0
[125048:12548:0922/130411.354:WARNING:page_discarding_helper.cc(138)] Discarding multiple pages with target (kb): 0
[125048:12548:0922/130416.407:WARNING:page_discarding_helper.cc(138)] Discarding multiple pages with target (kb): 0
[125048:12548:0922/130421.412:WARNING:page_discarding_helper.cc(138)] Discarding multiple pages with target (kb): 0
[125048:12548:0922/130426.413:WARNING:page_discarding_helper.cc(138)] Discarding multiple pages with target (kb): 0
[125048:12548:0922/130431.414:WARNING:page_discarding_helper.cc(138)] Discarding multiple pages with target (kb): 0
[125048:12548:0922/130436.432:WARNING:page_discarding_helper.cc(138)] Discarding multiple pages with target (kb): 0
[125048:12548:0922/130441.453:WARNING:page_discarding_helper.cc(138)] Discarding multiple pages with target (kb): 0
[125048:12548:0922/130446.500:WARNING:page_discarding_helper.cc(138)] Discarding multiple pages with target (kb): 0
[125048:12548:0922/130451.500:WARNING:page_discarding_helper.cc(138)] Discarding multiple pages with target (kb): 0
[125048:12548:0922/130456.507:WARNING:page_discarding_helper.cc(138)] Discarding multiple pages with target (kb): 0
[125048:12548:0922/130501.538:WARNING:page_discarding_helper.cc(138)] Discarding multiple pages with target (kb): 0
[125048:12548:0922/130506.542:WARNING:page_discarding_helper.cc(138)] Discarding multiple pages with target (kb): 0
[125048:12548:0922/130511.605:WARNING:page_discarding_helper.cc(138)] Discarding multiple pages with target (kb): 0
[125048:12548:0922/130516.651:WARNING:page_discarding_helper.cc(138)] Discarding multiple pages with target (kb): 0
[125048:12548:0922/130521.687:WARNING:page_discarding_helper.cc(138)] Discarding multiple pages with target (kb): 0
[125048:12548:0922/130526.707:WARNING:page_discarding_helper.cc(138)] Discarding multiple pages with target (kb): 0
[125048:12548:0922/130531.779:WARNING:page_discarding_helper.cc(138)] Discarding multiple pages with target (kb): 0
[125048:12548:0922/130536.789:WARNING:page_discarding_helper.cc(138)] Discarding multiple pages with target (kb): 0
[125048:12548:0922/130541.846:WARNING:page_discarding_helper.cc(138)] Discarding multiple pages with target (kb): 0
[125048:12548:0922/130546.865:WARNING:page_discarding_helper.cc(138)] Discarding multiple pages with target (kb): 0
[125048:12548:0922/130551.918:WARNING:page_discarding_helper.cc(138)] Discarding multiple pages with target (kb): 0
[125048:12548:0922/130556.926:WARNING:page_discarding_helper.cc(138)] Discarding multiple pages with target (kb): 0
[125048:12548:0922/130601.960:WARNING:page_discarding_helper.cc(138)] Discarding multiple pages with target (kb): 0
[125048:12548:0922/130606.983:WARNING:page_discarding_helper.cc(138)] Discarding multiple pages with target (kb): 0
[125048:12548:0922/130612.001:WARNING:page_discarding_helper.cc(138)] Discarding multiple pages with target (kb): 0
[125048:12548:0922/130617.008:WARNING:page_discarding_helper.cc(138)] Discarding multiple pages with target (kb): 0
[125048:12548:0922/130622.054:WARNING:page_discarding_helper.cc(138)] Discarding multiple pages with target (kb): 0
[125048:12548:0922/130627.055:WARNING:page_discarding_helper.cc(138)] Discarding multiple pages with target (kb): 0
[125048:12548:0922/130654.038:WARNING:page_discarding_helper.cc(138)] Discarding multiple pages with target (kb): 0
[125048:12548:0922/130655.229:WARNING:pref_notifier_impl.cc(41)] Pref observer for media_router.cast_allow_all_ips found at shutdown.
